qwreqewrqwe